// Jest Snapshot v1, https://goo.gl/fbAQLP

exports[`should render Footer correctly 1`] = `
<div
  className="footer"
>
  <a
    href="https://chingu.io/"
  >
    Courtesy of Chingu Developers Network
  </a>
</div>
`;
